[2026-08-19 03:24:21] [INFO] Starting daily vault cleanup...
[2026-08-19 03:24:21] [INFO] Scanning 99 notes for duplicates...
[2026-08-19 03:24:21] [WARN] Duplicate found: CAD-CAM-workflow.md
[2026-08-19 03:24:21] [WARN] Duplicate found: Robotics-integration.md
[2026-08-19 03:24:21] [WARN] Duplicate found: Precision-manufacturing.md
[2026-08-19 03:24:21] [WARN] Moved duplicate to quarantine: CAD-CAM-workflow.md
[2026-08-19 03:24:21] [WARN] Moved duplicate to quarantine: Robotics-integration.md
[2026-08-19 03:24:21] [WARN] Moved duplicate to quarantine: Precision-manufacturing.md
[2026-08-19 03:24:21] [INFO] Removed 3 duplicate files
[2026-08-19 03:24:21] [INFO] Found 2 potential orphaned files
[2026-08-19 03:24:21] [WARN]   Orphaned: firefox-recording-template.md
[2026-08-19 03:24:21] [WARN]   Orphaned: ai-video-prompts.md
[2026-08-19 03:24:21] [INFO] Updated vault index with daily marker
[2026-08-19 03:24:21] [INFO] Quality report written to E:\tommy vault\tommy vault\Read & Write\memories\vault-quality-report.md
[2026-08-19 03:24:21] [INFO] Daily cleanup completed successfully!
[2026-08-19 11:16:53] [INFO] Starting daily vault cleanup...
[2026-08-19 11:16:53] [INFO] Scanning 111 notes for duplicates...
[2026-08-19 11:16:53] [WARN] Duplicate found: removed_20260819_032421_Precision-manufacturing.md
[2026-08-19 11:16:54] [WARN] Duplicate found: removed_20260819_032421_Robotics-integration.md
[2026-08-19 11:16:54] [WARN] Duplicate found: removed_20260819_032421_CAD-CAM-workflow.md
[2026-08-19 11:16:54] [WARN] Moved duplicate to quarantine: removed_20260819_032421_Precision-manufacturing.md
[2026-08-19 11:16:54] [WARN] Moved duplicate to quarantine: removed_20260819_032421_Robotics-integration.md
[2026-08-19 11:16:54] [WARN] Moved duplicate to quarantine: removed_20260819_032421_CAD-CAM-workflow.md
[2026-08-19 11:16:54] [INFO] Removed 3 duplicate files
[2026-08-19 11:16:54] [INFO] Found 3 potential orphaned files
[2026-08-19 11:16:54] [WARN]   Orphaned: dataview-template.md
[2026-08-19 11:16:54] [WARN]   Orphaned: firefox-recording-template.md
[2026-08-19 11:16:54] [WARN]   Orphaned: ai-video-prompts.md
[2026-08-19 11:16:54] [INFO] Updated vault index with daily marker
[2026-08-19 11:16:54] [INFO] Quality report written to E:\tommy vault\tommy vault\Read & Write\memories\vault-quality-report.md
[2026-08-19 11:16:54] [INFO] Daily cleanup completed successfully!
